103.241.67.172 - - [30/Aug/2025:01:57:09 +0000] "GET / HTTP/1.1" 404 207 "-" "Mozilla/5.0 (Windows NT 10.0; Win64; x64) AppleWebKit/537.36 (KHTML, like Gecko) Chrome/139.0.0.0 Safari/537.36"
103.241.67.172 - - [30/Aug/2025:08:56:02 +0000] "GET / HTTP/1.1" 404 207 "-" "Mozilla/5.0 (Windows NT 10.0; Win64; x64) AppleWebKit/537.36 (KHTML, like Gecko) Chrome/139.0.0.0 Safari/537.36"
103.241.67.172 - - [30/Aug/2025:08:56:56 +0000] "GET / HTTP/1.1" 404 207 "-" "Mozilla/5.0 (Windows NT 10.0; Win64; x64) AppleWebKit/537.36 (KHTML, like Gecko) Chrome/139.0.0.0 Safari/537.36"
103.241.67.172 - - [30/Aug/2025:08:59:44 +0000] "GET / HTTP/1.1" 404 207 "-" "Mozilla/5.0 (Windows NT 10.0; Win64; x64) AppleWebKit/537.36 (KHTML, like Gecko) Chrome/139.0.0.0 Safari/537.36"
103.241.67.172 - - [30/Aug/2025:09:03:55 +0000] "GET / HTTP/1.1" 404 207 "-" "Mozilla/5.0 (Windows NT 10.0; Win64; x64) AppleWebKit/537.36 (KHTML, like Gecko) Chrome/139.0.0.0 Safari/537.36"
103.241.67.172 - - [30/Aug/2025:09:03:58 +0000] "GET / HTTP/1.1" 404 207 "-" "Mozilla/5.0 (Windows NT 10.0; Win64; x64) AppleWebKit/537.36 (KHTML, like Gecko) Chrome/139.0.0.0 Safari/537.36"
103.241.67.172 - - [30/Aug/2025:09:05:30 +0000] "GET / HTTP/1.1" 404 207 "-" "Mozilla/5.0 (Windows NT 10.0; Win64; x64) AppleWebKit/537.36 (KHTML, like Gecko) Chrome/139.0.0.0 Safari/537.36"
103.241.67.172 - - [30/Aug/2025:09:08:15 +0000] "GET / HTTP/1.1" 200 70613 "-" "Mozilla/5.0 (Windows NT 10.0; Win64; x64) AppleWebKit/537.36 (KHTML, like Gecko) Chrome/139.0.0.0 Safari/537.36"
103.241.67.172 - - [30/Aug/2025:09:08:15 +0000] "GET /socket.io/?EIO=4&transport=polling&t=PZwF0i6 HTTP/1.1" 200 118 "http://binance.gregorbritez.com:5000/" "Mozilla/5.0 (Windows NT 10.0; Win64; x64) AppleWebKit/537.36 (KHTML, like Gecko) Chrome/139.0.0.0 Safari/537.36"
103.241.67.172 - - [30/Aug/2025:09:08:15 +0000] "GET /api/status HTTP/1.1" 200 442 "http://binance.gregorbritez.com:5000/" "Mozilla/5.0 (Windows NT 10.0; Win64; x64) AppleWebKit/537.36 (KHTML, like Gecko) Chrome/139.0.0.0 Safari/537.36"
103.241.67.172 - - [30/Aug/2025:09:08:15 +0000] "POST /socket.io/?EIO=4&transport=polling&t=PZwF0km&sid=RYfAAKkpkvhdium9AAAA HTTP/1.1" 200 2 "http://binance.gregorbritez.com:5000/" "Mozilla/5.0 (Windows NT 10.0; Win64; x64) AppleWebKit/537.36 (KHTML, like Gecko) Chrome/139.0.0.0 Safari/537.36"
103.241.67.172 - - [30/Aug/2025:09:08:15 +0000] "GET /socket.io/?EIO=4&transport=polling&t=PZwF0ko&sid=RYfAAKkpkvhdium9AAAA HTTP/1.1" 200 1 "http://binance.gregorbritez.com:5000/" "Mozilla/5.0 (Windows NT 10.0; Win64; x64) AppleWebKit/537.36 (KHTML, like Gecko) Chrome/139.0.0.0 Safari/537.36"
103.241.67.172 - - [30/Aug/2025:09:08:15 +0000] "GET /socket.io/?EIO=4&transport=polling&t=PZwF0ks&sid=RYfAAKkpkvhdium9AAAA HTTP/1.1" 200 1 "http://binance.gregorbritez.com:5000/" "Mozilla/5.0 (Windows NT 10.0; Win64; x64) AppleWebKit/537.36 (KHTML, like Gecko) Chrome/139.0.0.0 Safari/537.36"
103.241.67.172 - - [30/Aug/2025:09:08:16 +0000] "GET /api/performance_metrics?symbol=&hours=24 HTTP/1.1" 200 3 "http://binance.gregorbritez.com:5000/" "Mozilla/5.0 (Windows NT 10.0; Win64; x64) AppleWebKit/537.36 (KHTML, like Gecko) Chrome/139.0.0.0 Safari/537.36"
103.241.67.172 - - [30/Aug/2025:09:08:16 +0000] "GET /api/trailing_stop_data HTTP/1.1" 404 207 "http://binance.gregorbritez.com:5000/" "Mozilla/5.0 (Windows NT 10.0; Win64; x64) AppleWebKit/537.36 (KHTML, like Gecko) Chrome/139.0.0.0 Safari/537.36"
103.241.67.172 - - [30/Aug/2025:09:08:16 +0000] "GET /api/positions HTTP/1.1" 404 207 "http://binance.gregorbritez.com:5000/" "Mozilla/5.0 (Windows NT 10.0; Win64; x64) AppleWebKit/537.36 (KHTML, like Gecko) Chrome/139.0.0.0 Safari/537.36"
103.241.67.172 - - [30/Aug/2025:09:08:16 +0000] "GET /api/status HTTP/1.1" 200 442 "http://binance.gregorbritez.com:5000/" "Mozilla/5.0 (Windows NT 10.0; Win64; x64) AppleWebKit/537.36 (KHTML, like Gecko) Chrome/139.0.0.0 Safari/537.36"
103.241.67.172 - - [30/Aug/2025:09:09:19 +0000] "GET /socket.io/?EIO=4&transport=polling&t=PZwFGHG HTTP/1.1" 200 118 "http://binance.gregorbritez.com:5000/" "Mozilla/5.0 (Windows NT 10.0; Win64; x64) AppleWebKit/537.36 (KHTML, like Gecko) Chrome/139.0.0.0 Safari/537.36"
103.241.67.172 - - [30/Aug/2025:09:09:19 +0000] "POST /socket.io/?EIO=4&transport=polling&t=PZwFGHM&sid=0LKlvxFYIrN_cgIKAAAA HTTP/1.1" 200 2 "http://binance.gregorbritez.com:5000/" "Mozilla/5.0 (Windows NT 10.0; Win64; x64) AppleWebKit/537.36 (KHTML, like Gecko) Chrome/139.0.0.0 Safari/537.36"
103.241.67.172 - - [30/Aug/2025:09:09:19 +0000] "GET /socket.io/?EIO=4&transport=polling&t=PZwFGHN&sid=0LKlvxFYIrN_cgIKAAAA HTTP/1.1" 200 1 "http://binance.gregorbritez.com:5000/" "Mozilla/5.0 (Windows NT 10.0; Win64; x64) AppleWebKit/537.36 (KHTML, like Gecko) Chrome/139.0.0.0 Safari/537.36"
103.241.67.172 - - [30/Aug/2025:09:09:19 +0000] "GET /socket.io/?EIO=4&transport=polling&t=PZwFGHR&sid=0LKlvxFYIrN_cgIKAAAA HTTP/1.1" 200 1 "http://binance.gregorbritez.com:5000/" "Mozilla/5.0 (Windows NT 10.0; Win64; x64) AppleWebKit/537.36 (KHTML, like Gecko) Chrome/139.0.0.0 Safari/537.36"
103.241.67.172 - - [30/Aug/2025:09:09:37 +0000] "GET / HTTP/1.1" 200 70613 "-" "Mozilla/5.0 (Windows NT 10.0; Win64; x64) AppleWebKit/537.36 (KHTML, like Gecko) Chrome/139.0.0.0 Safari/537.36"
103.241.67.172 - - [30/Aug/2025:09:09:37 +0000] "GET /socket.io/?EIO=4&transport=polling&t=PZwFKmL HTTP/1.1" 200 118 "http://binance.gregorbritez.com:5000/" "Mozilla/5.0 (Windows NT 10.0; Win64; x64) AppleWebKit/537.36 (KHTML, like Gecko) Chrome/139.0.0.0 Safari/537.36"
103.241.67.172 - - [30/Aug/2025:09:09:37 +0000] "GET /api/status HTTP/1.1" 200 442 "http://binance.gregorbritez.com:5000/" "Mozilla/5.0 (Windows NT 10.0; Win64; x64) AppleWebKit/537.36 (KHTML, like Gecko) Chrome/139.0.0.0 Safari/537.36"
103.241.67.172 - - [30/Aug/2025:09:09:37 +0000] "POST /socket.io/?EIO=4&transport=polling&t=PZwFKn5&sid=ijwPimVCSvLlHx09AAAC HTTP/1.1" 200 2 "http://binance.gregorbritez.com:5000/" "Mozilla/5.0 (Windows NT 10.0; Win64; x64) AppleWebKit/537.36 (KHTML, like Gecko) Chrome/139.0.0.0 Safari/537.36"
103.241.67.172 - - [30/Aug/2025:09:09:38 +0000] "GET /socket.io/?EIO=4&transport=polling&t=PZwFKn6&sid=ijwPimVCSvLlHx09AAAC HTTP/1.1" 200 1 "http://binance.gregorbritez.com:5000/" "Mozilla/5.0 (Windows NT 10.0; Win64; x64) AppleWebKit/537.36 (KHTML, like Gecko) Chrome/139.0.0.0 Safari/537.36"
103.241.67.172 - - [30/Aug/2025:09:09:38 +0000] "GET /socket.io/?EIO=4&transport=polling&t=PZwFKoK&sid=ijwPimVCSvLlHx09AAAC HTTP/1.1" 200 1 "http://binance.gregorbritez.com:5000/" "Mozilla/5.0 (Windows NT 10.0; Win64; x64) AppleWebKit/537.36 (KHTML, like Gecko) Chrome/139.0.0.0 Safari/537.36"
103.241.67.172 - - [30/Aug/2025:09:09:38 +0000] "GET /api/status HTTP/1.1" 200 442 "http://binance.gregorbritez.com:5000/" "Mozilla/5.0 (Windows NT 10.0; Win64; x64) AppleWebKit/537.36 (KHTML, like Gecko) Chrome/139.0.0.0 Safari/537.36"
103.241.67.172 - - [30/Aug/2025:09:09:38 +0000] "GET /api/trailing_stop_data HTTP/1.1" 404 207 "http://binance.gregorbritez.com:5000/" "Mozilla/5.0 (Windows NT 10.0; Win64; x64) AppleWebKit/537.36 (KHTML, like Gecko) Chrome/139.0.0.0 Safari/537.36"
103.241.67.172 - - [30/Aug/2025:09:09:38 +0000] "GET /api/performance_metrics?symbol=&hours=24 HTTP/1.1" 200 3 "http://binance.gregorbritez.com:5000/" "Mozilla/5.0 (Windows NT 10.0; Win64; x64) AppleWebKit/537.36 (KHTML, like Gecko) Chrome/139.0.0.0 Safari/537.36"
103.241.67.172 - - [30/Aug/2025:09:09:38 +0000] "GET /api/positions HTTP/1.1" 404 207 "http://binance.gregorbritez.com:5000/" "Mozilla/5.0 (Windows NT 10.0; Win64; x64) AppleWebKit/537.36 (KHTML, like Gecko) Chrome/139.0.0.0 Safari/537.36"
103.241.67.172 - - [30/Aug/2025:09:10:58 +0000] "GET /socket.io/?EIO=4&transport=polling&t=PZwFdjN HTTP/1.1" 200 118 "http://binance.gregorbritez.com:5000/" "Mozilla/5.0 (Windows NT 10.0; Win64; x64) AppleWebKit/537.36 (KHTML, like Gecko) Chrome/139.0.0.0 Safari/537.36"
103.241.67.172 - - [30/Aug/2025:09:10:58 +0000] "POST /socket.io/?EIO=4&transport=polling&t=PZwFeSL&sid=mhRFdAEMUsLw7_GvAAAA HTTP/1.1" 200 2 "http://binance.gregorbritez.com:5000/" "Mozilla/5.0 (Windows NT 10.0; Win64; x64) AppleWebKit/537.36 (KHTML, like Gecko) Chrome/139.0.0.0 Safari/537.36"
103.241.67.172 - - [30/Aug/2025:09:10:58 +0000] "GET /socket.io/?EIO=4&transport=polling&t=PZwFeSM&sid=mhRFdAEMUsLw7_GvAAAA HTTP/1.1" 200 1 "http://binance.gregorbritez.com:5000/" "Mozilla/5.0 (Windows NT 10.0; Win64; x64) AppleWebKit/537.36 (KHTML, like Gecko) Chrome/139.0.0.0 Safari/537.36"
103.241.67.172 - - [30/Aug/2025:09:10:58 +0000] "GET /socket.io/?EIO=4&transport=polling&t=PZwFeSQ&sid=mhRFdAEMUsLw7_GvAAAA HTTP/1.1" 200 1 "http://binance.gregorbritez.com:5000/" "Mozilla/5.0 (Windows NT 10.0; Win64; x64) AppleWebKit/537.36 (KHTML, like Gecko) Chrome/139.0.0.0 Safari/537.36"
103.241.67.172 - - [30/Aug/2025:09:11:02 +0000] "GET / HTTP/1.1" 200 70613 "-" "Mozilla/5.0 (Windows NT 10.0; Win64; x64) AppleWebKit/537.36 (KHTML, like Gecko) Chrome/139.0.0.0 Safari/537.36"
103.241.67.172 - - [30/Aug/2025:09:11:02 +0000] "GET /socket.io/?EIO=4&transport=polling&t=PZwFfS6 HTTP/1.1" 200 118 "http://binance.gregorbritez.com:5000/" "Mozilla/5.0 (Windows NT 10.0; Win64; x64) AppleWebKit/537.36 (KHTML, like Gecko) Chrome/139.0.0.0 Safari/537.36"
103.241.67.172 - - [30/Aug/2025:09:11:02 +0000] "GET /api/status HTTP/1.1" 200 442 "http://binance.gregorbritez.com:5000/" "Mozilla/5.0 (Windows NT 10.0; Win64; x64) AppleWebKit/537.36 (KHTML, like Gecko) Chrome/139.0.0.0 Safari/537.36"
103.241.67.172 - - [30/Aug/2025:09:11:02 +0000] "POST /socket.io/?EIO=4&transport=polling&t=PZwFfSg&sid=Td_OnqeIO6Xt3E01AAAC HTTP/1.1" 200 2 "http://binance.gregorbritez.com:5000/" "Mozilla/5.0 (Windows NT 10.0; Win64; x64) AppleWebKit/537.36 (KHTML, like Gecko) Chrome/139.0.0.0 Safari/537.36"
103.241.67.172 - - [30/Aug/2025:09:11:02 +0000] "GET /socket.io/?EIO=4&transport=polling&t=PZwFfSh&sid=Td_OnqeIO6Xt3E01AAAC HTTP/1.1" 200 1 "http://binance.gregorbritez.com:5000/" "Mozilla/5.0 (Windows NT 10.0; Win64; x64) AppleWebKit/537.36 (KHTML, like Gecko) Chrome/139.0.0.0 Safari/537.36"
103.241.67.172 - - [30/Aug/2025:09:11:02 +0000] "GET /api/status HTTP/1.1" 200 442 "http://binance.gregorbritez.com:5000/" "Mozilla/5.0 (Windows NT 10.0; Win64; x64) AppleWebKit/537.36 (KHTML, like Gecko) Chrome/139.0.0.0 Safari/537.36"
103.241.67.172 - - [30/Aug/2025:09:11:02 +0000] "GET /api/trailing_stop_data HTTP/1.1" 404 207 "http://binance.gregorbritez.com:5000/" "Mozilla/5.0 (Windows NT 10.0; Win64; x64) AppleWebKit/537.36 (KHTML, like Gecko) Chrome/139.0.0.0 Safari/537.36"
103.241.67.172 - - [30/Aug/2025:09:11:02 +0000] "GET /api/positions HTTP/1.1" 404 207 "http://binance.gregorbritez.com:5000/" "Mozilla/5.0 (Windows NT 10.0; Win64; x64) AppleWebKit/537.36 (KHTML, like Gecko) Chrome/139.0.0.0 Safari/537.36"
103.241.67.172 - - [30/Aug/2025:09:11:02 +0000] "GET /api/performance_metrics?symbol=&hours=24 HTTP/1.1" 200 3 "http://binance.gregorbritez.com:5000/" "Mozilla/5.0 (Windows NT 10.0; Win64; x64) AppleWebKit/537.36 (KHTML, like Gecko) Chrome/139.0.0.0 Safari/537.36"
103.241.67.172 - - [30/Aug/2025:09:21:10 +0000] "GET / HTTP/1.1" 200 3016 "-" "Mozilla/5.0 (Windows NT 10.0; Win64; x64) AppleWebKit/537.36 (KHTML, like Gecko) Chrome/139.0.0.0 Safari/537.36"
103.241.67.172 - - [30/Aug/2025:09:21:11 +0000] "GET /socket.io/?EIO=4&transport=polling&t=PZwH-Ar HTTP/1.1" 200 118 "http://binance.gregorbritez.com:5000/" "Mozilla/5.0 (Windows NT 10.0; Win64; x64) AppleWebKit/537.36 (KHTML, like Gecko) Chrome/139.0.0.0 Safari/537.36"
103.241.67.172 - - [30/Aug/2025:09:21:11 +0000] "POST /socket.io/?EIO=4&transport=polling&t=PZwH-Bd&sid=rCiK5wFPtaSJZNvcAAAA HTTP/1.1" 200 2 "http://binance.gregorbritez.com:5000/" "Mozilla/5.0 (Windows NT 10.0; Win64; x64) AppleWebKit/537.36 (KHTML, like Gecko) Chrome/139.0.0.0 Safari/537.36"
103.241.67.172 - - [30/Aug/2025:09:21:11 +0000] "GET /socket.io/?EIO=4&transport=polling&t=PZwH-Bi&sid=rCiK5wFPtaSJZNvcAAAA HTTP/1.1" 200 1 "http://binance.gregorbritez.com:5000/" "Mozilla/5.0 (Windows NT 10.0; Win64; x64) AppleWebKit/537.36 (KHTML, like Gecko) Chrome/139.0.0.0 Safari/537.36"
103.241.67.172 - - [30/Aug/2025:09:21:12 +0000] "GET /socket.io/?EIO=4&transport=polling&t=PZwH-De&sid=rCiK5wFPtaSJZNvcAAAA HTTP/1.1" 200 1 "http://binance.gregorbritez.com:5000/" "Mozilla/5.0 (Windows NT 10.0; Win64; x64) AppleWebKit/537.36 (KHTML, like Gecko) Chrome/139.0.0.0 Safari/537.36"
103.241.67.172 - - [30/Aug/2025:09:24:57 +0000] "GET / HTTP/1.1" 200 1322 "-" "Mozilla/5.0 (Windows NT 10.0; Win64; x64) AppleWebKit/537.36 (KHTML, like Gecko) Chrome/139.0.0.0 Safari/537.36"
103.241.67.172 - - [30/Aug/2025:09:24:57 +0000] "GET /socket.io/?EIO=4&transport=polling&t=PZwIndK HTTP/1.1" 200 118 "http://binance.gregorbritez.com:5000/" "Mozilla/5.0 (Windows NT 10.0; Win64; x64) AppleWebKit/537.36 (KHTML, like Gecko) Chrome/139.0.0.0 Safari/537.36"
103.241.67.172 - - [30/Aug/2025:09:25:03 +0000] "GET / HTTP/1.1" 200 1322 "-" "Mozilla/5.0 (Windows NT 10.0; Win64; x64) AppleWebKit/537.36 (KHTML, like Gecko) Chrome/139.0.0.0 Safari/537.36"
103.241.67.172 - - [30/Aug/2025:09:25:47 +0000] "GET / HTTP/1.1" 200 1322 "-" "Mozilla/5.0 (Windows NT 10.0; Win64; x64) AppleWebKit/537.36 (KHTML, like Gecko) Chrome/139.0.0.0 Safari/537.36"
103.241.67.172 - - [30/Aug/2025:09:42:24 +0000] "GET / HTTP/1.1" 200 70613 "-" "Mozilla/5.0 (Windows NT 10.0; Win64; x64) AppleWebKit/537.36 (KHTML, like Gecko) Chrome/139.0.0.0 Safari/537.36"
103.241.67.172 - - [30/Aug/2025:09:42:24 +0000] "GET /socket.io/?EIO=4&transport=polling&t=PZwMqwu HTTP/1.1" 200 118 "http://binance.gregorbritez.com:5000/" "Mozilla/5.0 (Windows NT 10.0; Win64; x64) AppleWebKit/537.36 (KHTML, like Gecko) Chrome/139.0.0.0 Safari/537.36"
103.241.67.172 - - [30/Aug/2025:09:42:24 +0000] "GET /api/status HTTP/1.1" 404 207 "http://binance.gregorbritez.com:5000/" "Mozilla/5.0 (Windows NT 10.0; Win64; x64) AppleWebKit/537.36 (KHTML, like Gecko) Chrome/139.0.0.0 Safari/537.36"
103.241.67.172 - - [30/Aug/2025:09:42:24 +0000] "POST /socket.io/?EIO=4&transport=polling&t=PZwMqzc&sid=MwSO1qHMyailvnHtAAAA HTTP/1.1" 200 2 "http://binance.gregorbritez.com:5000/" "Mozilla/5.0 (Windows NT 10.0; Win64; x64) AppleWebKit/537.36 (KHTML, like Gecko) Chrome/139.0.0.0 Safari/537.36"
103.241.67.172 - - [30/Aug/2025:09:42:24 +0000] "GET /socket.io/?EIO=4&transport=polling&t=PZwMqzf&sid=MwSO1qHMyailvnHtAAAA HTTP/1.1" 200 1 "http://binance.gregorbritez.com:5000/" "Mozilla/5.0 (Windows NT 10.0; Win64; x64) AppleWebKit/537.36 (KHTML, like Gecko) Chrome/139.0.0.0 Safari/537.36"
103.241.67.172 - - [30/Aug/2025:09:42:25 +0000] "GET /socket.io/?EIO=4&transport=polling&t=PZwMr0g&sid=MwSO1qHMyailvnHtAAAA HTTP/1.1" 200 1 "http://binance.gregorbritez.com:5000/" "Mozilla/5.0 (Windows NT 10.0; Win64; x64) AppleWebKit/537.36 (KHTML, like Gecko) Chrome/139.0.0.0 Safari/537.36"
103.241.67.172 - - [30/Aug/2025:09:42:25 +0000] "GET /api/status HTTP/1.1" 404 207 "http://binance.gregorbritez.com:5000/" "Mozilla/5.0 (Windows NT 10.0; Win64; x64) AppleWebKit/537.36 (KHTML, like Gecko) Chrome/139.0.0.0 Safari/537.36"
103.241.67.172 - - [30/Aug/2025:09:42:25 +0000] "GET /api/trailing_stop_data HTTP/1.1" 404 207 "http://binance.gregorbritez.com:5000/" "Mozilla/5.0 (Windows NT 10.0; Win64; x64) AppleWebKit/537.36 (KHTML, like Gecko) Chrome/139.0.0.0 Safari/537.36"
103.241.67.172 - - [30/Aug/2025:09:42:25 +0000] "GET /api/performance_metrics?symbol=&hours=24 HTTP/1.1" 404 207 "http://binance.gregorbritez.com:5000/" "Mozilla/5.0 (Windows NT 10.0; Win64; x64) AppleWebKit/537.36 (KHTML, like Gecko) Chrome/139.0.0.0 Safari/537.36"
103.241.67.172 - - [30/Aug/2025:09:42:25 +0000] "GET /api/positions HTTP/1.1" 404 207 "http://binance.gregorbritez.com:5000/" "Mozilla/5.0 (Windows NT 10.0; Win64; x64) AppleWebKit/537.36 (KHTML, like Gecko) Chrome/139.0.0.0 Safari/537.36"
103.241.67.172 - - [30/Aug/2025:09:42:29 +0000] "POST /api/start HTTP/1.1" 404 207 "http://binance.gregorbritez.com:5000/" "Mozilla/5.0 (Windows NT 10.0; Win64; x64) AppleWebKit/537.36 (KHTML, like Gecko) Chrome/139.0.0.0 Safari/537.36"
103.241.67.172 - - [30/Aug/2025:09:46:47 +0000] "GET / HTTP/1.1" 200 70613 "-" "Mozilla/5.0 (Windows NT 10.0; Win64; x64) AppleWebKit/537.36 (KHTML, like Gecko) Chrome/139.0.0.0 Safari/537.36"
103.241.67.172 - - [30/Aug/2025:09:47:12 +0000] "GET /socket.io/?EIO=4&transport=polling&t=PZwNmEF HTTP/1.1" 200 120 "http://binance.gregorbritez.com:5000/" "Mozilla/5.0 (Windows NT 10.0; Win64; x64) AppleWebKit/537.36 (KHTML, like Gecko) Chrome/139.0.0.0 Safari/537.36"
103.241.67.172 - - [30/Aug/2025:09:47:12 +0000] "GET /api/status HTTP/1.1" 200 1145 "http://binance.gregorbritez.com:5000/" "Mozilla/5.0 (Windows NT 10.0; Win64; x64) AppleWebKit/537.36 (KHTML, like Gecko) Chrome/139.0.0.0 Safari/537.36"
103.241.67.172 - - [30/Aug/2025:09:47:12 +0000] "GET /api/trailing_stop_data HTTP/1.1" 200 3 "http://binance.gregorbritez.com:5000/" "Mozilla/5.0 (Windows NT 10.0; Win64; x64) AppleWebKit/537.36 (KHTML, like Gecko) Chrome/139.0.0.0 Safari/537.36"
103.241.67.172 - - [30/Aug/2025:09:47:12 +0000] "GET /api/performance_metrics?symbol=&hours=24 HTTP/1.1" 500 265 "http://binance.gregorbritez.com:5000/" "Mozilla/5.0 (Windows NT 10.0; Win64; x64) AppleWebKit/537.36 (KHTML, like Gecko) Chrome/139.0.0.0 Safari/537.36"
103.241.67.172 - - [30/Aug/2025:09:47:12 +0000] "GET /api/status HTTP/1.1" 200 1148 "http://binance.gregorbritez.com:5000/" "Mozilla/5.0 (Windows NT 10.0; Win64; x64) AppleWebKit/537.36 (KHTML, like Gecko) Chrome/139.0.0.0 Safari/537.36"
103.241.67.172 - - [30/Aug/2025:09:47:37 +0000] "GET /socket.io/?EIO=4&transport=polling&t=PZwNrDf HTTP/1.1" 200 120 "http://binance.gregorbritez.com:5000/" "Mozilla/5.0 (Windows NT 10.0; Win64; x64) AppleWebKit/537.36 (KHTML, like Gecko) Chrome/139.0.0.0 Safari/537.36"
103.241.67.172 - - [30/Aug/2025:09:48:06 +0000] "GET / HTTP/1.1" 200 70613 "-" "Mozilla/5.0 (Windows NT 10.0; Win64; x64) AppleWebKit/537.36 (KHTML, like Gecko) Chrome/139.0.0.0 Safari/537.36"
103.241.67.172 - - [30/Aug/2025:09:48:32 +0000] "GET /api/status HTTP/1.1" 200 1145 "http://binance.gregorbritez.com:5000/" "Mozilla/5.0 (Windows NT 10.0; Win64; x64) AppleWebKit/537.36 (KHTML, like Gecko) Chrome/139.0.0.0 Safari/537.36"
103.241.67.172 - - [30/Aug/2025:09:48:32 +0000] "GET /socket.io/?EIO=4&transport=polling&t=PZwO8Uo HTTP/1.1" 200 120 "http://binance.gregorbritez.com:5000/" "Mozilla/5.0 (Windows NT 10.0; Win64; x64) AppleWebKit/537.36 (KHTML, like Gecko) Chrome/139.0.0.0 Safari/537.36"
103.241.67.172 - - [30/Aug/2025:09:48:32 +0000] "GET /api/performance_metrics?symbol=&hours=24 HTTP/1.1" 500 265 "http://binance.gregorbritez.com:5000/" "Mozilla/5.0 (Windows NT 10.0; Win64; x64) AppleWebKit/537.36 (KHTML, like Gecko) Chrome/139.0.0.0 Safari/537.36"
103.241.67.172 - - [30/Aug/2025:09:48:32 +0000] "GET /api/trailing_stop_data HTTP/1.1" 200 3 "http://binance.gregorbritez.com:5000/" "Mozilla/5.0 (Windows NT 10.0; Win64; x64) AppleWebKit/537.36 (KHTML, like Gecko) Chrome/139.0.0.0 Safari/537.36"
103.241.67.172 - - [30/Aug/2025:09:48:32 +0000] "GET /api/status HTTP/1.1" 200 1148 "http://binance.gregorbritez.com:5000/" "Mozilla/5.0 (Windows NT 10.0; Win64; x64) AppleWebKit/537.36 (KHTML, like Gecko) Chrome/139.0.0.0 Safari/537.36"
103.241.67.172 - - [30/Aug/2025:09:48:57 +0000] "GET /socket.io/?EIO=4&transport=polling&t=PZwOE0S HTTP/1.1" 200 120 "http://binance.gregorbritez.com:5000/" "Mozilla/5.0 (Windows NT 10.0; Win64; x64) AppleWebKit/537.36 (KHTML, like Gecko) Chrome/139.0.0.0 Safari/537.36"
103.241.67.172 - - [30/Aug/2025:09:49:22 +0000] "GET /api/positions HTTP/1.1" 500 45 "http://binance.gregorbritez.com:5000/" "Mozilla/5.0 (Windows NT 10.0; Win64; x64) AppleWebKit/537.36 (KHTML, like Gecko) Chrome/139.0.0.0 Safari/537.36"
103.241.67.172 - - [30/Aug/2025:09:49:22 +0000] "GET /socket.io/?EIO=4&transport=polling&t=PZwOJtL HTTP/1.1" 200 120 "http://binance.gregorbritez.com:5000/" "Mozilla/5.0 (Windows NT 10.0; Win64; x64) AppleWebKit/537.36 (KHTML, like Gecko) Chrome/139.0.0.0 Safari/537.36"
103.241.67.172 - - [30/Aug/2025:09:49:47 +0000] "POST /api/start HTTP/1.1" 500 265 "http://binance.gregorbritez.com:5000/" "Mozilla/5.0 (Windows NT 10.0; Win64; x64) AppleWebKit/537.36 (KHTML, like Gecko) Chrome/139.0.0.0 Safari/537.36"
103.241.67.172 - - [30/Aug/2025:09:49:47 +0000] "GET /socket.io/?EIO=4&transport=polling&t=PZwOPo9 HTTP/1.1" 200 120 "http://binance.gregorbritez.com:5000/" "Mozilla/5.0 (Windows NT 10.0; Win64; x64) AppleWebKit/537.36 (KHTML, like Gecko) Chrome/139.0.0.0 Safari/537.36"
103.241.67.172 - - [30/Aug/2025:09:50:26 +0000] "GET /socket.io/?EIO=4&transport=polling&t=PZwOaTq HTTP/1.1" 200 120 "http://binance.gregorbritez.com:5000/" "Mozilla/5.0 (Windows NT 10.0; Win64; x64) AppleWebKit/537.36 (KHTML, like Gecko) Chrome/139.0.0.0 Safari/537.36"
103.241.67.172 - - [30/Aug/2025:09:50:26 +0000] "POST /socket.io/?EIO=4&transport=polling&t=PZwOgaS&sid=vOPVM6un95WX2ko4AAAE HTTP/1.1" 200 2 "http://binance.gregorbritez.com:5000/" "Mozilla/5.0 (Windows NT 10.0; Win64; x64) AppleWebKit/537.36 (KHTML, like Gecko) Chrome/139.0.0.0 Safari/537.36"
103.241.67.172 - - [30/Aug/2025:09:51:24 +0000] "GET /socket.io/?EIO=4&transport=polling&t=PZwOlRr HTTP/1.1" 200 120 "http://binance.gregorbritez.com:5000/" "Mozilla/5.0 (Windows NT 10.0; Win64; x64) AppleWebKit/537.36 (KHTML, like Gecko) Chrome/139.0.0.0 Safari/537.36"
103.241.67.172 - - [30/Aug/2025:09:51:24 +0000] "GET / HTTP/1.1" 200 70613 "-" "Mozilla/5.0 (Windows NT 10.0; Win64; x64) AppleWebKit/537.36 (KHTML, like Gecko) Chrome/139.0.0.0 Safari/537.36"
103.241.67.172 - - [30/Aug/2025:09:51:49 +0000] "GET /api/status HTTP/1.1" 200 1145 "http://binance.gregorbritez.com:5000/" "Mozilla/5.0 (Windows NT 10.0; Win64; x64) AppleWebKit/537.36 (KHTML, like Gecko) Chrome/139.0.0.0 Safari/537.36"
103.241.67.172 - - [30/Aug/2025:09:51:49 +0000] "GET /socket.io/?EIO=4&transport=polling&t=PZwOr3B HTTP/1.1" 200 120 "http://binance.gregorbritez.com:5000/" "Mozilla/5.0 (Windows NT 10.0; Win64; x64) AppleWebKit/537.36 (KHTML, like Gecko) Chrome/139.0.0.0 Safari/537.36"
103.241.67.172 - - [30/Aug/2025:09:52:14 +0000] "GET /api/performance_metrics?symbol=&hours=24 HTTP/1.1" 500 265 "http://binance.gregorbritez.com:5000/" "Mozilla/5.0 (Windows NT 10.0; Win64; x64) AppleWebKit/537.36 (KHTML, like Gecko) Chrome/139.0.0.0 Safari/537.36"
103.241.67.172 - - [30/Aug/2025:09:52:14 +0000] "GET /api/trailing_stop_data HTTP/1.1" 200 3 "http://binance.gregorbritez.com:5000/" "Mozilla/5.0 (Windows NT 10.0; Win64; x64) AppleWebKit/537.36 (KHTML, like Gecko) Chrome/139.0.0.0 Safari/537.36"
103.241.67.172 - - [30/Aug/2025:09:52:14 +0000] "GET /api/status HTTP/1.1" 200 1148 "http://binance.gregorbritez.com:5000/" "Mozilla/5.0 (Windows NT 10.0; Win64; x64) AppleWebKit/537.36 (KHTML, like Gecko) Chrome/139.0.0.0 Safari/537.36"
103.241.67.172 - - [30/Aug/2025:09:52:14 +0000] "GET /socket.io/?EIO=4&transport=polling&t=PZwOumr HTTP/1.1" 200 120 "http://binance.gregorbritez.com:5000/" "Mozilla/5.0 (Windows NT 10.0; Win64; x64) AppleWebKit/537.36 (KHTML, like Gecko) Chrome/139.0.0.0 Safari/537.36"
186.182.245.68 - - [30/Aug/2025:11:52:43 +0000] "GET /socket.io/?EIO=4&transport=polling&t=PZwqfkI HTTP/1.1" 500 0 "-" "-"
186.182.245.68 - - [30/Aug/2025:11:52:49 +0000] "GET /api/stats HTTP/1.1" 500 0 "-" "-"
186.182.245.68 - - [30/Aug/2025:11:52:49 +0000] "GET /socket.io/?EIO=4&transport=polling&t=PZwqhC2 HTTP/1.1" 500 0 "-" "-"
103.241.67.172 - - [30/Aug/2025:11:52:49 +0000] "GET / HTTP/1.1" 500 0 "-" "-"
186.182.245.68 - - [30/Aug/2025:11:52:55 +0000] "GET /socket.io/?EIO=4&transport=polling&t=PZwqifo HTTP/1.1" 500 0 "-" "-"
186.182.245.68 - - [30/Aug/2025:11:53:01 +0000] "GET /socket.io/?EIO=4&transport=polling&t=PZwqk7Z HTTP/1.1" 500 0 "-" "-"
186.182.245.68 - - [30/Aug/2025:11:53:07 +0000] "GET /socket.io/?EIO=4&transport=polling&t=PZwqlbI HTTP/1.1" 500 0 "-" "-"
186.182.245.68 - - [30/Aug/2025:11:53:13 +0000] "GET /socket.io/?EIO=4&transport=polling&t=PZwqn32 HTTP/1.1" 500 0 "-" "-"
186.182.245.68 - - [30/Aug/2025:11:53:19 +0000] "GET /socket.io/?EIO=4&transport=polling&t=PZwqoWo HTTP/1.1" 500 0 "-" "-"
186.182.245.68 - - [30/Aug/2025:11:53:25 +0000] "GET /socket.io/?EIO=4&transport=polling&t=PZwqp-i HTTP/1.1" 500 0 "-" "-"
186.182.245.68 - - [30/Aug/2025:11:53:31 +0000] "GET /socket.io/?EIO=4&transport=polling&t=PZwqrSI HTTP/1.1" 500 0 "-" "-"
186.182.245.68 - - [30/Aug/2025:11:53:37 +0000] "GET /socket.io/?EIO=4&transport=polling&t=PZwqsw2 HTTP/1.1" 500 0 "-" "-"
186.182.245.68 - - [30/Aug/2025:11:53:43 +0000] "GET /socket.io/?EIO=4&transport=polling&t=PZwquNo HTTP/1.1" 500 0 "-" "-"
186.182.245.68 - - [30/Aug/2025:11:53:49 +0000] "GET /api/stats HTTP/1.1" 500 0 "-" "-"
186.182.245.68 - - [30/Aug/2025:11:53:49 +0000] "GET /socket.io/?EIO=4&transport=polling&t=PZwqvrY HTTP/1.1" 500 0 "-" "-"
186.182.245.68 - - [30/Aug/2025:11:53:55 +0000] "GET /socket.io/?EIO=4&transport=polling&t=PZwqxJI HTTP/1.1" 500 0 "-" "-"
186.182.245.68 - - [30/Aug/2025:11:54:01 +0000] "GET /socket.io/?EIO=4&transport=polling&t=PZwqyn2 HTTP/1.1" 500 0 "-" "-"
186.182.245.68 - - [30/Aug/2025:11:54:07 +0000] "GET /socket.io/?EIO=4&transport=polling&t=PZwq-Eo HTTP/1.1" 500 0 "-" "-"
186.182.245.68 - - [30/Aug/2025:11:54:13 +0000] "GET /socket.io/?EIO=4&transport=polling&t=PZwq_iZ HTTP/1.1" 500 0 "-" "-"
186.182.245.68 - - [30/Aug/2025:11:54:19 +0000] "GET /socket.io/?EIO=4&transport=polling&t=PZwr1AL HTTP/1.1" 500 0 "-" "-"
186.182.245.68 - - [30/Aug/2025:11:54:25 +0000] "GET /socket.io/?EIO=4&transport=polling&t=PZwr2e2 HTTP/1.1" 500 0 "-" "-"
186.182.245.68 - - [30/Aug/2025:11:54:31 +0000] "GET /socket.io/?EIO=4&transport=polling&t=PZwr45o HTTP/1.1" 500 0 "-" "-"
186.182.245.68 - - [30/Aug/2025:11:54:37 +0000] "GET /socket.io/?EIO=4&transport=polling&t=PZwr5ZY HTTP/1.1" 500 0 "-" "-"
186.182.245.68 - - [30/Aug/2025:12:55:59 +0000] "GET /socket.io/?EIO=4&transport=polling&t=PZx32OA HTTP/1.1" 200 120 "http://binance.gregorbritez.com:5000/" "Mozilla/5.0 (X11; CrOS x86_64 14541.0.0) AppleWebKit/537.36 (KHTML, like Gecko) Chrome/141.0.0.0 Safari/537.36"
103.241.67.172 - - [30/Aug/2025:12:55:59 +0000] "GET / HTTP/1.1" 200 39744 "-" "Mozilla/5.0 (Windows NT 10.0; Win64; x64) AppleWebKit/537.36 (KHTML, like Gecko) Chrome/139.0.0.0 Safari/537.36"
186.182.245.68 - - [30/Aug/2025:12:55:59 +0000] "GET /api/stats HTTP/1.1" 404 207 "http://binance.gregorbritez.com:5000/" "Mozilla/5.0 (X11; CrOS x86_64 14541.0.0) AppleWebKit/537.36 (KHTML, like Gecko) Chrome/141.0.0.0 Safari/537.36"
103.241.67.172 - - [30/Aug/2025:12:56:24 +0000] "GET /socket.io/?EIO=4&transport=polling&t=PZx35Rq HTTP/1.1" 200 120 "http://binance.gregorbritez.com:5000/" "Mozilla/5.0 (Windows NT 10.0; Win64; x64) AppleWebKit/537.36 (KHTML, like Gecko) Chrome/139.0.0.0 Safari/537.36"
103.241.67.172 - - [30/Aug/2025:12:56:24 +0000] "GET /api/trade_history?page=1&per_page=10 HTTP/1.1" 200 63 "http://binance.gregorbritez.com:5000/" "Mozilla/5.0 (Windows NT 10.0; Win64; x64) AppleWebKit/537.36 (KHTML, like Gecko) Chrome/139.0.0.0 Safari/537.36"
103.241.67.172 - - [30/Aug/2025:12:56:24 +0000] "GET /api/status HTTP/1.1" 200 1145 "http://binance.gregorbritez.com:5000/" "Mozilla/5.0 (Windows NT 10.0; Win64; x64) AppleWebKit/537.36 (KHTML, like Gecko) Chrome/139.0.0.0 Safari/537.36"
103.241.67.172 - - [30/Aug/2025:12:56:24 +0000] "GET /api/performance_analytics?days=30 HTTP/1.1" 404 207 "http://binance.gregorbritez.com:5000/" "Mozilla/5.0 (Windows NT 10.0; Win64; x64) AppleWebKit/537.36 (KHTML, like Gecko) Chrome/139.0.0.0 Safari/537.36"
186.182.245.68 - - [30/Aug/2025:13:01:16 +0000] "GET /socket.io/?EIO=4&transport=polling&t=PZx4FnL HTTP/1.1" 200 120 "http://binance.gregorbritez.com:5000/" "Mozilla/5.0 (X11; CrOS x86_64 14541.0.0) AppleWebKit/537.36 (KHTML, like Gecko) Chrome/141.0.0.0 Safari/537.36"
103.241.67.172 - - [30/Aug/2025:13:01:22 +0000] "GET /socket.io/?EIO=4&transport=polling&t=PZx4HN1 HTTP/1.1" 200 120 "http://binance.gregorbritez.com:5000/" "Mozilla/5.0 (Windows NT 10.0; Win64; x64) AppleWebKit/537.36 (KHTML, like Gecko) Chrome/139.0.0.0 Safari/537.36"
103.241.67.172 - - [30/Aug/2025:13:01:58 +0000] "GET / HTTP/1.1" 200 39744 "-" "Mozilla/5.0 (Windows NT 10.0; Win64; x64) AppleWebKit/537.36 (KHTML, like Gecko) Chrome/139.0.0.0 Safari/537.36"
103.241.67.172 - - [30/Aug/2025:13:01:59 +0000] "GET /api/status HTTP/1.1" 200 1145 "http://binance.gregorbritez.com:5000/" "Mozilla/5.0 (Windows NT 10.0; Win64; x64) AppleWebKit/537.36 (KHTML, like Gecko) Chrome/139.0.0.0 Safari/537.36"
103.241.67.172 - - [30/Aug/2025:13:01:59 +0000] "GET /api/trade_history?page=1&per_page=10 HTTP/1.1" 200 63 "http://binance.gregorbritez.com:5000/" "Mozilla/5.0 (Windows NT 10.0; Win64; x64) AppleWebKit/537.36 (KHTML, like Gecko) Chrome/139.0.0.0 Safari/537.36"
103.241.67.172 - - [30/Aug/2025:13:01:59 +0000] "GET /api/performance_analytics?days=30 HTTP/1.1" 404 207 "http://binance.gregorbritez.com:5000/" "Mozilla/5.0 (Windows NT 10.0; Win64; x64) AppleWebKit/537.36 (KHTML, like Gecko) Chrome/139.0.0.0 Safari/537.36"
103.241.67.172 - - [30/Aug/2025:13:02:05 +0000] "POST /api/start HTTP/1.1" 500 265 "http://binance.gregorbritez.com:5000/" "Mozilla/5.0 (Windows NT 10.0; Win64; x64) AppleWebKit/537.36 (KHTML, like Gecko) Chrome/139.0.0.0 Safari/537.36"
103.241.67.172 - - [30/Aug/2025:13:02:07 +0000] "POST /api/start HTTP/1.1" 400 54 "http://binance.gregorbritez.com:5000/" "Mozilla/5.0 (Windows NT 10.0; Win64; x64) AppleWebKit/537.36 (KHTML, like Gecko) Chrome/139.0.0.0 Safari/537.36"
103.241.67.172 - - [30/Aug/2025:13:02:10 +0000] "GET / HTTP/1.1" 200 39744 "-" "Mozilla/5.0 (Windows NT 10.0; Win64; x64) AppleWebKit/537.36 (KHTML, like Gecko) Chrome/139.0.0.0 Safari/537.36"
186.182.245.68 - - [30/Aug/2025:13:02:20 +0000] "GET /socket.io/?EIO=4&transport=polling&t=PZx4V9g HTTP/1.1" 200 120 "http://binance.gregorbritez.com:5000/" "Mozilla/5.0 (X11; CrOS x86_64 14541.0.0) AppleWebKit/537.36 (KHTML, like Gecko) Chrome/141.0.0.0 Safari/537.36"
103.241.67.172 - - [30/Aug/2025:13:02:20 +0000] "GET /api/performance_analytics?days=30 HTTP/1.1" 404 207 "http://binance.gregorbritez.com:5000/" "Mozilla/5.0 (Windows NT 10.0; Win64; x64) AppleWebKit/537.36 (KHTML, like Gecko) Chrome/139.0.0.0 Safari/537.36"
103.241.67.172 - - [30/Aug/2025:13:02:20 +0000] "GET /api/trade_history?page=1&per_page=10 HTTP/1.1" 200 63 "http://binance.gregorbritez.com:5000/" "Mozilla/5.0 (Windows NT 10.0; Win64; x64) AppleWebKit/537.36 (KHTML, like Gecko) Chrome/139.0.0.0 Safari/537.36"
103.241.67.172 - - [30/Aug/2025:13:02:20 +0000] "GET /api/status HTTP/1.1" 200 1145 "http://binance.gregorbritez.com:5000/" "Mozilla/5.0 (Windows NT 10.0; Win64; x64) AppleWebKit/537.36 (KHTML, like Gecko) Chrome/139.0.0.0 Safari/537.36"
103.241.67.172 - - [30/Aug/2025:13:02:23 +0000] "GET /socket.io/?EIO=4&transport=polling&t=PZx4WNa HTTP/1.1" 200 120 "http://binance.gregorbritez.com:5000/" "Mozilla/5.0 (Windows NT 10.0; Win64; x64) AppleWebKit/537.36 (KHTML, like Gecko) Chrome/139.0.0.0 Safari/537.36"
103.241.67.172 - - [30/Aug/2025:13:02:35 +0000] "GET /socket.io/?EIO=4&transport=polling&t=PZx4ZFl HTTP/1.1" 200 120 "http://binance.gregorbritez.com:5000/" "Mozilla/5.0 (Windows NT 10.0; Win64; x64) AppleWebKit/537.36 (KHTML, like Gecko) Chrome/139.0.0.0 Safari/537.36"
103.241.67.172 - - [30/Aug/2025:13:02:46 +0000] "GET / HTTP/1.1" 200 39744 "-" "Mozilla/5.0 (Windows NT 10.0; Win64; x64) AppleWebKit/537.36 (KHTML, like Gecko) Chrome/139.0.0.0 Safari/537.36"
186.182.245.68 - - [30/Aug/2025:13:02:46 +0000] "GET /socket.io/?EIO=4&transport=polling&t=PZx4blY HTTP/1.1" 200 120 "http://binance.gregorbritez.com:5000/" "Mozilla/5.0 (X11; CrOS x86_64 14541.0.0) AppleWebKit/537.36 (KHTML, like Gecko) Chrome/141.0.0.0 Safari/537.36"
103.241.67.172 - - [30/Aug/2025:13:02:46 +0000] "POST /api/start HTTP/1.1" 500 265 "http://binance.gregorbritez.com:5000/" "Mozilla/5.0 (Windows NT 10.0; Win64; x64) AppleWebKit/537.36 (KHTML, like Gecko) Chrome/139.0.0.0 Safari/537.36"
103.241.67.172 - - [30/Aug/2025:13:02:46 +0000] "GET /api/status HTTP/1.1" 200 1148 "http://binance.gregorbritez.com:5000/" "Mozilla/5.0 (Windows NT 10.0; Win64; x64) AppleWebKit/537.36 (KHTML, like Gecko) Chrome/139.0.0.0 Safari/537.36"
103.241.67.172 - - [30/Aug/2025:13:02:46 +0000] "GET /api/trade_history?page=1&per_page=10 HTTP/1.1" 200 63 "http://binance.gregorbritez.com:5000/" "Mozilla/5.0 (Windows NT 10.0; Win64; x64) AppleWebKit/537.36 (KHTML, like Gecko) Chrome/139.0.0.0 Safari/537.36"
103.241.67.172 - - [30/Aug/2025:13:02:46 +0000] "GET /api/performance_analytics?days=30 HTTP/1.1" 404 207 "http://binance.gregorbritez.com:5000/" "Mozilla/5.0 (Windows NT 10.0; Win64; x64) AppleWebKit/537.36 (KHTML, like Gecko) Chrome/139.0.0.0 Safari/537.36"
103.241.67.172 - - [30/Aug/2025:13:02:47 +0000] "GET / HTTP/1.1" 200 39744 "-" "Mozilla/5.0 (Windows NT 10.0; Win64; x64) AppleWebKit/537.36 (KHTML, like Gecko) Chrome/139.0.0.0 Safari/537.36"
103.241.67.172 - - [30/Aug/2025:13:02:56 +0000] "GET /socket.io/?EIO=4&transport=polling&t=PZx4eM4 HTTP/1.1" 200 120 "http://binance.gregorbritez.com:5000/" "Mozilla/5.0 (Windows NT 10.0; Win64; x64) AppleWebKit/537.36 (KHTML, like Gecko) Chrome/139.0.0.0 Safari/537.36"
103.241.67.172 - - [30/Aug/2025:13:02:56 +0000] "GET /api/performance_analytics?days=30 HTTP/1.1" 404 207 "http://binance.gregorbritez.com:5000/" "Mozilla/5.0 (Windows NT 10.0; Win64; x64) AppleWebKit/537.36 (KHTML, like Gecko) Chrome/139.0.0.0 Safari/537.36"
186.182.245.68 - - [30/Aug/2025:13:02:56 +0000] "GET /api/stats HTTP/1.1" 404 207 "http://binance.gregorbritez.com:5000/" "Mozilla/5.0 (X11; CrOS x86_64 14541.0.0) AppleWebKit/537.36 (KHTML, like Gecko) Chrome/141.0.0.0 Safari/537.36"
103.241.67.172 - - [30/Aug/2025:13:03:11 +0000] "GET /socket.io/?EIO=4&transport=polling&t=PZx4hx5 HTTP/1.1" 200 120 "http://binance.gregorbritez.com:5000/" "Mozilla/5.0 (Windows NT 10.0; Win64; x64) AppleWebKit/537.36 (KHTML, like Gecko) Chrome/139.0.0.0 Safari/537.36"
103.241.67.172 - - [30/Aug/2025:13:03:12 +0000] "GET /api/status HTTP/1.1" 200 1148 "http://binance.gregorbritez.com:5000/" "Mozilla/5.0 (Windows NT 10.0; Win64; x64) AppleWebKit/537.36 (KHTML, like Gecko) Chrome/139.0.0.0 Safari/537.36"
103.241.67.172 - - [30/Aug/2025:13:03:12 +0000] "GET /api/trade_history?page=1&per_page=10 HTTP/1.1" 200 63 "http://binance.gregorbritez.com:5000/" "Mozilla/5.0 (Windows NT 10.0; Win64; x64) AppleWebKit/537.36 (KHTML, like Gecko) Chrome/139.0.0.0 Safari/537.36"
103.241.67.172 - - [30/Aug/2025:13:03:12 +0000] "GET /socket.io/?EIO=4&transport=polling&t=PZx4i6_ HTTP/1.1" 200 120 "http://binance.gregorbritez.com:5000/" "Mozilla/5.0 (Windows NT 10.0; Win64; x64) AppleWebKit/537.36 (KHTML, like Gecko) Chrome/139.0.0.0 Safari/537.36"
103.241.67.172 - - [30/Aug/2025:13:03:33 +0000] "GET /socket.io/?EIO=4&transport=polling&t=PZx4nM5 HTTP/1.1" 200 120 "http://binance.gregorbritez.com:5000/" "Mozilla/5.0 (Windows NT 10.0; Win64; x64) AppleWebKit/537.36 (KHTML, like Gecko) Chrome/139.0.0.0 Safari/537.36"
186.182.245.68 - - [30/Aug/2025:13:03:37 +0000] "GET /socket.io/?EIO=4&transport=polling&t=PZx4iLQ HTTP/1.1" 200 120 "http://binance.gregorbritez.com:5000/" "Mozilla/5.0 (X11; CrOS x86_64 14541.0.0) AppleWebKit/537.36 (KHTML, like Gecko) Chrome/141.0.0.0 Safari/537.36"
186.182.245.68 - - [30/Aug/2025:13:03:38 +0000] "GET /socket.io/?EIO=4&transport=websocket&sid=Om_TV31NXqMl5q9rAAAD HTTP/1.1" 400 38 "-" "Mozilla/5.0 (X11; CrOS x86_64 14541.0.0) AppleWebKit/537.36 (KHTML, like Gecko) Chrome/141.0.0.0 Safari/537.36"
186.182.245.68 - - [30/Aug/2025:13:03:38 +0000] "GET /socket.io/?EIO=4&transport=polling&t=PZx4uLy&sid=Om_TV31NXqMl5q9rAAAD HTTP/1.1" 400 38 "http://binance.gregorbritez.com:5000/" "Mozilla/5.0 (X11; CrOS x86_64 14541.0.0) AppleWebKit/537.36 (KHTML, like Gecko) Chrome/141.0.0.0 Safari/537.36"
186.182.245.68 - - [30/Aug/2025:13:03:38 +0000] "POST /socket.io/?EIO=4&transport=polling&t=PZx4uUK&sid=Om_TV31NXqMl5q9rAAAD HTTP/1.1" 400 38 "http://binance.gregorbritez.com:5000/" "Mozilla/5.0 (X11; CrOS x86_64 14541.0.0) AppleWebKit/537.36 (KHTML, like Gecko) Chrome/141.0.0.0 Safari/537.36"
186.182.245.68 - - [30/Aug/2025:13:03:49 +0000] "GET /api/stats HTTP/1.1" 404 207 "http://binance.gregorbritez.com:5000/" "Mozilla/5.0 (X11; CrOS x86_64 14541.0.0) AppleWebKit/537.36 (KHTML, like Gecko) Chrome/141.0.0.0 Safari/537.36"
186.182.245.68 - - [30/Aug/2025:13:04:02 +0000] "POST /socket.io/?EIO=4&transport=polling&t=PZx4uLn&sid=Om_TV31NXqMl5q9rAAAD HTTP/1.1" 200 2 "http://binance.gregorbritez.com:5000/" "Mozilla/5.0 (X11; CrOS x86_64 14541.0.0) AppleWebKit/537.36 (KHTML, like Gecko) Chrome/141.0.0.0 Safari/537.36"
103.241.67.172 - - [30/Aug/2025:13:04:02 +0000] "GET /socket.io/?EIO=4&transport=polling&t=PZx4szS HTTP/1.1" 200 120 "http://binance.gregorbritez.com:5000/" "Mozilla/5.0 (Windows NT 10.0; Win64; x64) AppleWebKit/537.36 (KHTML, like Gecko) Chrome/139.0.0.0 Safari/537.36"
186.182.245.68 - - [30/Aug/2025:13:04:04 +0000] "GET /socket.io/?EIO=4&transport=polling&t=PZx4uoI HTTP/1.1" 200 120 "http://binance.gregorbritez.com:5000/" "Mozilla/5.0 (X11; CrOS x86_64 14541.0.0) AppleWebKit/537.36 (KHTML, like Gecko) Chrome/141.0.0.0 Safari/537.36"
103.241.67.172 - - [30/Aug/2025:13:04:23 +0000] "GET /socket.io/?EIO=4&transport=polling&t=PZx4zZE HTTP/1.1" 200 120 "http://binance.gregorbritez.com:5000/" "Mozilla/5.0 (Windows NT 10.0; Win64; x64) AppleWebKit/537.36 (KHTML, like Gecko) Chrome/139.0.0.0 Safari/537.36"
186.182.245.68 - - [30/Aug/2025:13:04:28 +0000] "GET /socket.io/?EIO=4&transport=polling&t=PZx4-fI HTTP/1.1" 200 120 "http://binance.gregorbritez.com:5000/" "Mozilla/5.0 (X11; CrOS x86_64 14541.0.0) AppleWebKit/537.36 (KHTML, like Gecko) Chrome/141.0.0.0 Safari/537.36"
103.241.67.172 - - [30/Aug/2025:13:04:49 +0000] "GET /socket.io/?EIO=4&transport=polling&t=PZx53va HTTP/1.1" 200 120 "http://binance.gregorbritez.com:5000/" "Mozilla/5.0 (Windows NT 10.0; Win64; x64) AppleWebKit/537.36 (KHTML, like Gecko) Chrome/139.0.0.0 Safari/537.36"
103.241.67.172 - - [30/Aug/2025:13:04:49 +0000] "GET /socket.io/?EIO=4&transport=websocket&sid=o2ou-AGC3i76fd2JAAAE HTTP/1.1" 400 38 "-" "Mozilla/5.0 (Windows NT 10.0; Win64; x64) AppleWebKit/537.36 (KHTML, like Gecko) Chrome/139.0.0.0 Safari/537.36"
103.241.67.172 - - [30/Aug/2025:13:04:49 +0000] "POST /socket.io/?EIO=4&transport=polling&t=PZx5A0h&sid=o2ou-AGC3i76fd2JAAAE HTTP/1.1" 200 2 "http://binance.gregorbritez.com:5000/" "Mozilla/5.0 (Windows NT 10.0; Win64; x64) AppleWebKit/537.36 (KHTML, like Gecko) Chrome/139.0.0.0 Safari/537.36"
103.241.67.172 - - [30/Aug/2025:13:04:49 +0000] "GET /socket.io/?EIO=4&transport=polling&t=PZx5A0j&sid=o2ou-AGC3i76fd2JAAAE HTTP/1.1" 400 38 "http://binance.gregorbritez.com:5000/" "Mozilla/5.0 (Windows NT 10.0; Win64; x64) AppleWebKit/537.36 (KHTML, like Gecko) Chrome/139.0.0.0 Safari/537.36"
103.241.67.172 - - [30/Aug/2025:13:04:49 +0000] "POST /socket.io/?EIO=4&transport=polling&t=PZx5A0n&sid=o2ou-AGC3i76fd2JAAAE HTTP/1.1" 400 38 "http://binance.gregorbritez.com:5000/" "Mozilla/5.0 (Windows NT 10.0; Win64; x64) AppleWebKit/537.36 (KHTML, like Gecko) Chrome/139.0.0.0 Safari/537.36"
103.241.67.172 - - [30/Aug/2025:13:04:49 +0000] "POST /socket.io/?EIO=4&transport=polling&t=PZx5A0n.0&sid=o2ou-AGC3i76fd2JAAAE HTTP/1.1" 200 2 "http://binance.gregorbritez.com:5000/" "Mozilla/5.0 (Windows NT 10.0; Win64; x64) AppleWebKit/537.36 (KHTML, like Gecko) Chrome/139.0.0.0 Safari/537.36"
186.182.245.68 - - [30/Aug/2025:13:04:50 +0000] "GET /api/stats HTTP/1.1" 404 207 "http://binance.gregorbritez.com:5000/" "Mozilla/5.0 (X11; CrOS x86_64 14541.0.0) AppleWebKit/537.36 (KHTML, like Gecko) Chrome/141.0.0.0 Safari/537.36"
186.182.245.68 - - [30/Aug/2025:13:04:53 +0000] "GET /socket.io/?EIO=4&transport=polling&t=PZx54lw HTTP/1.1" 200 120 "http://binance.gregorbritez.com:5000/" "Mozilla/5.0 (X11; CrOS x86_64 14541.0.0) AppleWebKit/537.36 (KHTML, like Gecko) Chrome/141.0.0.0 Safari/537.36"
103.241.67.172 - - [30/Aug/2025:13:05:16 +0000] "GET /socket.io/?EIO=4&transport=polling&t=PZx5AVT HTTP/1.1" 200 120 "http://binance.gregorbritez.com:5000/" "Mozilla/5.0 (Windows NT 10.0; Win64; x64) AppleWebKit/537.36 (KHTML, like Gecko) Chrome/139.0.0.0 Safari/537.36"
103.241.67.172 - - [30/Aug/2025:13:05:39 +0000] "GET / HTTP/1.1" 200 39744 "-" "Mozilla/5.0 (Windows NT 10.0; Win64; x64) AppleWebKit/537.36 (KHTML, like Gecko) Chrome/139.0.0.0 Safari/537.36"
103.241.67.172 - - [30/Aug/2025:13:05:40 +0000] "GET /socket.io/?EIO=4&transport=polling&t=PZx5G9c HTTP/1.1" 200 120 "http://binance.gregorbritez.com:5000/" "Mozilla/5.0 (Windows NT 10.0; Win64; x64) AppleWebKit/537.36 (KHTML, like Gecko) Chrome/139.0.0.0 Safari/537.36"
103.241.67.172 - - [30/Aug/2025:13:05:40 +0000] "GET /api/status HTTP/1.1" 200 1148 "http://binance.gregorbritez.com:5000/" "Mozilla/5.0 (Windows NT 10.0; Win64; x64) AppleWebKit/537.36 (KHTML, like Gecko) Chrome/139.0.0.0 Safari/537.36"
103.241.67.172 - - [30/Aug/2025:13:05:40 +0000] "GET /api/trade_history?page=1&per_page=10 HTTP/1.1" 200 63 "http://binance.gregorbritez.com:5000/" "Mozilla/5.0 (Windows NT 10.0; Win64; x64) AppleWebKit/537.36 (KHTML, like Gecko) Chrome/139.0.0.0 Safari/537.36"
103.241.67.172 - - [30/Aug/2025:13:05:40 +0000] "GET /api/performance_analytics?days=30 HTTP/1.1" 404 207 "http://binance.gregorbritez.com:5000/" "Mozilla/5.0 (Windows NT 10.0; Win64; x64) AppleWebKit/537.36 (KHTML, like Gecko) Chrome/139.0.0.0 Safari/537.36"
186.182.245.68 - - [30/Aug/2025:13:05:49 +0000] "GET /api/stats HTTP/1.1" 404 207 "http://binance.gregorbritez.com:5000/" "Mozilla/5.0 (X11; CrOS x86_64 14541.0.0) AppleWebKit/537.36 (KHTML, like Gecko) Chrome/141.0.0.0 Safari/537.36"
103.241.67.172 - - [30/Aug/2025:13:06:03 +0000] "GET /socket.io/?EIO=4&transport=polling&t=PZx5Lvi HTTP/1.1" 200 120 "http://binance.gregorbritez.com:5000/" "Mozilla/5.0 (Windows NT 10.0; Win64; x64) AppleWebKit/537.36 (KHTML, like Gecko) Chrome/139.0.0.0 Safari/537.36"
103.241.67.172 - - [30/Aug/2025:13:06:04 +0000] "GET /socket.io/?EIO=4&transport=polling&t=PZx5MH- HTTP/1.1" 200 120 "http://binance.gregorbritez.com:5000/" "Mozilla/5.0 (Windows NT 10.0; Win64; x64) AppleWebKit/537.36 (KHTML, like Gecko) Chrome/139.0.0.0 Safari/537.36"
186.182.245.68 - - [30/Aug/2025:13:06:14 +0000] "GET /socket.io/?EIO=4&transport=polling&t=PZx5OXY HTTP/1.1" 200 120 "http://binance.gregorbritez.com:5000/" "Mozilla/5.0 (X11; CrOS x86_64 14541.0.0) AppleWebKit/537.36 (KHTML, like Gecko) Chrome/141.0.0.0 Safari/537.36"
186.182.245.68 - - [30/Aug/2025:13:06:15 +0000] "POST /socket.io/?EIO=4&transport=polling&t=PZx5Umx&sid=XxwOFUwH6RXIoeF1AAAE HTTP/1.1" 200 2 "http://binance.gregorbritez.com:5000/" "Mozilla/5.0 (X11; CrOS x86_64 14541.0.0) AppleWebKit/537.36 (KHTML, like Gecko) Chrome/141.0.0.0 Safari/537.36"
186.182.245.68 - - [30/Aug/2025:13:06:15 +0000] "GET /socket.io/?EIO=4&transport=websocket&sid=XxwOFUwH6RXIoeF1AAAE HTTP/1.1" 400 38 "-" "Mozilla/5.0 (X11; CrOS x86_64 14541.0.0) AppleWebKit/537.36 (KHTML, like Gecko) Chrome/141.0.0.0 Safari/537.36"
186.182.245.68 - - [30/Aug/2025:13:06:15 +0000] "GET /socket.io/?EIO=4&transport=polling&t=PZx5Un2&sid=XxwOFUwH6RXIoeF1AAAE HTTP/1.1" 200 812 "http://binance.gregorbritez.com:5000/" "Mozilla/5.0 (X11; CrOS x86_64 14541.0.0) AppleWebKit/537.36 (KHTML, like Gecko) Chrome/141.0.0.0 Safari/537.36"
186.182.245.68 - - [30/Aug/2025:13:06:15 +0000] "GET /socket.io/?EIO=4&transport=polling&t=PZx5UvY&sid=XxwOFUwH6RXIoeF1AAAE HTTP/1.1" 400 38 "http://binance.gregorbritez.com:5000/" "Mozilla/5.0 (X11; CrOS x86_64 14541.0.0) AppleWebKit/537.36 (KHTML, like Gecko) Chrome/141.0.0.0 Safari/537.36"
186.182.245.68 - - [30/Aug/2025:13:06:16 +0000] "POST /socket.io/?EIO=4&transport=polling&t=PZx5V1z&sid=XxwOFUwH6RXIoeF1AAAE HTTP/1.1" 400 38 "http://binance.gregorbritez.com:5000/" "Mozilla/5.0 (X11; CrOS x86_64 14541.0.0) AppleWebKit/537.36 (KHTML, like Gecko) Chrome/141.0.0.0 Safari/537.36"
103.241.67.172 - - [30/Aug/2025:13:06:28 +0000] "GET /socket.io/?EIO=4&transport=polling&t=PZx5Rb6 HTTP/1.1" 200 120 "http://binance.gregorbritez.com:5000/" "Mozilla/5.0 (Windows NT 10.0; Win64; x64) AppleWebKit/537.36 (KHTML, like Gecko) Chrome/139.0.0.0 Safari/537.36"
186.182.245.68 - - [30/Aug/2025:13:06:40 +0000] "POST /socket.io/?EIO=4&transport=polling&t=PZx5UrG&sid=XxwOFUwH6RXIoeF1AAAE HTTP/1.1" 200 2 "http://binance.gregorbritez.com:5000/" "Mozilla/5.0 (X11; CrOS x86_64 14541.0.0) AppleWebKit/537.36 (KHTML, like Gecko) Chrome/141.0.0.0 Safari/537.36"
186.182.245.68 - - [30/Aug/2025:13:06:42 +0000] "GET /socket.io/?EIO=4&transport=polling&t=PZx5VN2 HTTP/1.1" 200 120 "http://binance.gregorbritez.com:5000/" "Mozilla/5.0 (X11; CrOS x86_64 14541.0.0) AppleWebKit/537.36 (KHTML, like Gecko) Chrome/141.0.0.0 Safari/537.36"
103.241.67.172 - - [30/Aug/2025:13:06:53 +0000] "GET /socket.io/?EIO=4&transport=polling&t=PZx5XSm HTTP/1.1" 200 120 "http://binance.gregorbritez.com:5000/" "Mozilla/5.0 (Windows NT 10.0; Win64; x64) AppleWebKit/537.36 (KHTML, like Gecko) Chrome/139.0.0.0 Safari/537.36"
186.182.245.68 - - [30/Aug/2025:13:08:41 +0000] "GET /socket.io/?EIO=4&transport=polling&t=PZx5yQS HTTP/1.1" 200 120 "http://binance.gregorbritez.com:5000/" "Mozilla/5.0 (X11; CrOS x86_64 14541.0.0) AppleWebKit/537.36 (KHTML, like Gecko) Chrome/141.0.0.0 Safari/537.36"
103.241.67.172 - - [30/Aug/2025:13:08:41 +0000] "GET / HTTP/1.1" 200 39744 "-" "Mozilla/5.0 (Windows NT 10.0; Win64; x64) AppleWebKit/537.36 (KHTML, like Gecko) Chrome/139.0.0.0 Safari/537.36"
103.241.67.172 - - [30/Aug/2025:13:09:06 +0000] "GET /socket.io/?EIO=4&transport=polling&t=PZx5ywN HTTP/1.1" 200 120 "http://binance.gregorbritez.com:5000/" "Mozilla/5.0 (Windows NT 10.0; Win64; x64) AppleWebKit/537.36 (KHTML, like Gecko) Chrome/139.0.0.0 Safari/537.36"
103.241.67.172 - - [30/Aug/2025:13:09:31 +0000] "GET /api/trade_history?page=1&per_page=10 HTTP/1.1" 200 63 "http://binance.gregorbritez.com:5000/" "Mozilla/5.0 (Windows NT 10.0; Win64; x64) AppleWebKit/537.36 (KHTML, like Gecko) Chrome/139.0.0.0 Safari/537.36"
103.241.67.172 - - [30/Aug/2025:13:09:31 +0000] "GET /api/status HTTP/1.1" 200 1145 "http://binance.gregorbritez.com:5000/" "Mozilla/5.0 (Windows NT 10.0; Win64; x64) AppleWebKit/537.36 (KHTML, like Gecko) Chrome/139.0.0.0 Safari/537.36"
103.241.67.172 - - [30/Aug/2025:13:09:31 +0000] "GET /api/performance_analytics?days=30 HTTP/1.1" 404 207 "http://binance.gregorbritez.com:5000/" "Mozilla/5.0 (Windows NT 10.0; Win64; x64) AppleWebKit/537.36 (KHTML, like Gecko) Chrome/139.0.0.0 Safari/537.36"
186.182.245.68 - - [30/Aug/2025:13:09:31 +0000] "GET /api/stats HTTP/1.1" 404 207 "http://binance.gregorbritez.com:5000/" "Mozilla/5.0 (X11; CrOS x86_64 14541.0.0) AppleWebKit/537.36 (KHTML, like Gecko) Chrome/141.0.0.0 Safari/537.36"
103.241.67.172 - - [30/Aug/2025:13:09:56 +0000] "GET / HTTP/1.1" 200 39744 "-" "Mozilla/5.0 (Windows NT 10.0; Win64; x64) AppleWebKit/537.36 (KHTML, like Gecko) Chrome/139.0.0.0 Safari/537.36"
103.241.67.172 - - [30/Aug/2025:13:09:56 +0000] "GET /socket.io/?EIO=4&transport=polling&t=PZx62jU HTTP/1.1" 200 120 "http://binance.gregorbritez.com:5000/" "Mozilla/5.0 (Windows NT 10.0; Win64; x64) AppleWebKit/537.36 (KHTML, like Gecko) Chrome/139.0.0.0 Safari/537.36"
186.182.245.68 - - [30/Aug/2025:13:10:49 +0000] "GET /api/stats HTTP/1.1" 404 207 "http://binance.gregorbritez.com:5000/" "Mozilla/5.0 (X11; CrOS x86_64 14541.0.0) AppleWebKit/537.36 (KHTML, like Gecko) Chrome/141.0.0.0 Safari/537.36"
186.182.245.68 - - [30/Aug/2025:13:11:14 +0000] "GET /socket.io/?EIO=4&transport=polling&t=PZx6XnD HTTP/1.1" 200 120 "http://binance.gregorbritez.com:5000/" "Mozilla/5.0 (X11; CrOS x86_64 14541.0.0) AppleWebKit/537.36 (KHTML, like Gecko) Chrome/141.0.0.0 Safari/537.36"
103.241.67.172 - - [30/Aug/2025:13:11:14 +0000] "GET / HTTP/1.1" 200 39744 "-" "Mozilla/5.0 (Windows NT 10.0; Win64; x64) AppleWebKit/537.36 (KHTML, like Gecko) Chrome/139.0.0.0 Safari/537.36"
186.182.245.68 - - [30/Aug/2025:13:12:04 +0000] "POST /socket.io/?EIO=4&transport=polling&t=PZx6dzb&sid=U3JVlIgG3i_HpneBAAAA HTTP/1.1" 200 2 "http://binance.gregorbritez.com:5000/" "Mozilla/5.0 (X11; CrOS x86_64 14541.0.0) AppleWebKit/537.36 (KHTML, like Gecko) Chrome/141.0.0.0 Safari/537.36"
103.241.67.172 - - [30/Aug/2025:13:12:04 +0000] "GET /socket.io/?EIO=4&transport=polling&t=PZx6Vlg HTTP/1.1" 200 120 "http://binance.gregorbritez.com:5000/" "Mozilla/5.0 (Windows NT 10.0; Win64; x64) AppleWebKit/537.36 (KHTML, like Gecko) Chrome/139.0.0.0 Safari/537.36"
103.241.67.172 - - [30/Aug/2025:13:12:04 +0000] "GET /socket.io/?EIO=4&transport=polling&t=PZx6bJ0 HTTP/1.1" 200 120 "http://binance.gregorbritez.com:5000/" "Mozilla/5.0 (Windows NT 10.0; Win64; x64) AppleWebKit/537.36 (KHTML, like Gecko) Chrome/139.0.0.0 Safari/537.36"
186.182.245.68 - - [30/Aug/2025:13:13:37 +0000] "GET /socket.io/?EIO=4&transport=polling&t=PZx74hX HTTP/1.1" 200 120 "http://binance.gregorbritez.com:5000/" "Mozilla/5.0 (X11; CrOS x86_64 14541.0.0) AppleWebKit/537.36 (KHTML, like Gecko) Chrome/141.0.0.0 Safari/537.36"
103.241.67.172 - - [30/Aug/2025:13:13:37 +0000] "GET / HTTP/1.1" 200 39744 "-" "Mozilla/5.0 (Windows NT 10.0; Win64; x64) AppleWebKit/537.36 (KHTML, like Gecko) Chrome/139.0.0.0 Safari/537.36"
103.241.67.172 - - [30/Aug/2025:13:13:37 +0000] "GET / HTTP/1.1" 200 39744 "-" "Mozilla/5.0 (Windows NT 10.0; Win64; x64) AppleWebKit/537.36 (KHTML, like Gecko) Chrome/139.0.0.0 Safari/537.36"
103.241.67.172 - - [30/Aug/2025:13:14:03 +0000] "GET /socket.io/?EIO=4&transport=polling&t=PZx7B35 HTTP/1.1" 200 120 "http://binance.gregorbritez.com:5000/" "Mozilla/5.0 (Windows NT 10.0; Win64; x64) AppleWebKit/537.36 (KHTML, like Gecko) Chrome/139.0.0.0 Safari/537.36"
103.241.67.172 - - [30/Aug/2025:13:14:28 +0000] "GET /api/status HTTP/1.1" 200 1145 "http://binance.gregorbritez.com:5000/" "Mozilla/5.0 (Windows NT 10.0; Win64; x64) AppleWebKit/537.36 (KHTML, like Gecko) Chrome/139.0.0.0 Safari/537.36"
